[templates.iqonic.design/booksto-dist/html/index.html]
[backblue.gif]
[fade.gif]
[index.html]
[templates.iqonic.design/booksto-dist/html/assets/images/logo-mini.png]
[templates.iqonic.design/booksto-dist/html/assets/css/core/libs.min.css]
[templates.iqonic.design/booksto-dist/html/assets/vendor/flaticon/css/flaticon.css]
[templates.iqonic.design/booksto-dist/html/assets/vendor/font-awesome/css/font-awesome.min.css]
[templates.iqonic.design/booksto-dist/html/assets/vendor/swiperSlider/swiper.min.css]
[templates.iqonic.design/booksto-dist/html/assets/vendor/flatpickr/dist/flatpickr.min.css]
[templates.iqonic.design/booksto-dist/html/assets/vendor/sweetalert2/dist/sweetalert2.min.css]
[templates.iqonic.design/booksto-dist/html/assets/css/custom.min5438.css]
[templates.iqonic.design/booksto-dist/html/assets/css/booksto.min5438.css]
[templates.iqonic.design/booksto-dist/html/assets/css/rtl.min5438.css]
[templates.iqonic.design/booksto-dist/html/assets/css/customizer.min5438.css]
[templates.iqonic.design/booksto-dist/html/assets/vendor/remixicon/fonts/remixicon.css]
[templates.iqonic.design/booksto-dist/html/assets/vendor/dripicons/webfont/webfont.css]
[templates.iqonic.design/booksto-dist/html/assets/vendor/ionicons/css/ionicons.min.css]
[templates.iqonic.design/booksto-dist/html/assets/vendor/line-awesome/css/line-awesome.min.css]
[templates.iqonic.design/booksto-dist/html/assets/vendor/phosphor-icons/Fonts/regular/style.css]
[templates.iqonic.design/booksto-dist/html/assets/vendor/phosphor-icons/Fonts/duotone/style.css]
[templates.iqonic.design/booksto-dist/html/assets/vendor/phosphor-icons/Fonts/fill/style.css]
[templates.iqonic.design/booksto-dist/html/assets/images/loader.gif]
[templates.iqonic.design/booksto-dist/html/index-2.html]
[templates.iqonic.design/booksto-dist/html/assets/images/logo.png]
[templates.iqonic.design/booksto-dist/html/assets/images/logo-white.png]
[templates.iqonic.design/booksto-dist/html/assets/images/logo-mini-white.png]
[templates.iqonic.design/booksto-dist/html/shop/category-page.html]
[templates.iqonic.design/booksto-dist/html/shop/book-page.html]
[templates.iqonic.design/booksto-dist/html/shop/book-pdf.html]
[templates.iqonic.design/booksto-dist/html/shop/checkout.html]
[templates.iqonic.design/booksto-dist/html/shop/wishlist.html]
[templates.iqonic.design/booksto-dist/html/admin/dashboard.html]
[templates.iqonic.design/booksto-dist/html/admin/category-list.html]
[templates.iqonic.design/booksto-dist/html/admin/author.html]
[templates.iqonic.design/booksto-dist/html/admin/books.html]
[templates.iqonic.design/booksto-dist/html/spacial-pages/kanban.html]
[templates.iqonic.design/booksto-dist/html/spacial-pages/calender.html]
[templates.iqonic.design/booksto-dist/html/spacial-pages/pricing.html]
[templates.iqonic.design/booksto-dist/html/spacial-pages/invoice.html]
[templates.iqonic.design/booksto-dist/html/spacial-pages/timeline.html]
[templates.iqonic.design/booksto-dist/html/auth/sign-in.html]
[templates.iqonic.design/booksto-dist/html/auth/sign-up.html]
[templates.iqonic.design/booksto-dist/html/auth/recoverpw.html]
[templates.iqonic.design/booksto-dist/html/auth/confirm-mail.html]
[templates.iqonic.design/booksto-dist/html/auth/lock-screen.html]
[templates.iqonic.design/booksto-dist/html/auth/two-factor.html]
[templates.iqonic.design/booksto-dist/html/auth/account-deactivate.html]
[templates.iqonic.design/booksto-dist/html/user/user-profile.html]
[templates.iqonic.design/booksto-dist/html/user/user-edit.html]
[templates.iqonic.design/booksto-dist/html/user/user-add.html]
[templates.iqonic.design/booksto-dist/html/user/user-list.html]
[templates.iqonic.design/booksto-dist/html/extra-pages/errors/error404.html]
[templates.iqonic.design/booksto-dist/html/extra-pages/errors/error500.html]
[templates.iqonic.design/booksto-dist/html/extra-pages/errors/maintenance.html]
[templates.iqonic.design/booksto-dist/html/extra-pages/coming-soon.html]
[templates.iqonic.design/booksto-dist/html/extra-pages/faq.html]
[templates.iqonic.design/booksto-dist/html/charts/morris-chart.html]
[templates.iqonic.design/booksto-dist/html/charts/high-chart.html]
[templates.iqonic.design/booksto-dist/html/charts/am-chart.html]
[templates.iqonic.design/booksto-dist/html/charts/apex-chart.html]
[templates.iqonic.design/booksto-dist/html/extra-pages/blank-page.html]
[templates.iqonic.design/booksto-dist/html/ui-elements/ui-color.html]
[templates.iqonic.design/booksto-dist/html/ui-elements/typography.html]
[templates.iqonic.design/booksto-dist/html/ui-elements/alerts.html]
[templates.iqonic.design/booksto-dist/html/ui-elements/badges.html]
[templates.iqonic.design/booksto-dist/html/ui-elements/breadcrumb.html]
[templates.iqonic.design/booksto-dist/html/ui-elements/buttons.html]
[templates.iqonic.design/booksto-dist/html/ui-elements/cards.html]
[templates.iqonic.design/booksto-dist/html/ui-elements/carousel.html]
[templates.iqonic.design/booksto-dist/html/ui-elements/video.html]
[templates.iqonic.design/booksto-dist/html/ui-elements/grid.html]
[templates.iqonic.design/booksto-dist/html/ui-elements/images.html]
[templates.iqonic.design/booksto-dist/html/ui-elements/list-group.html]
[templates.iqonic.design/booksto-dist/html/ui-elements/media.html]
[templates.iqonic.design/booksto-dist/html/ui-elements/modal.html]
[templates.iqonic.design/booksto-dist/html/ui-elements/notifications.html]
[templates.iqonic.design/booksto-dist/html/ui-elements/pagination.html]
[templates.iqonic.design/booksto-dist/html/ui-elements/popovers.html]
[templates.iqonic.design/booksto-dist/html/ui-elements/progressbars.html]
[templates.iqonic.design/booksto-dist/html/ui-elements/tabs.html]
[templates.iqonic.design/booksto-dist/html/ui-elements/tooltips.html]
[templates.iqonic.design/booksto-dist/html/widgets/widgets-basic.html]
[templates.iqonic.design/booksto-dist/html/widgets/widgets-chart.html]
[templates.iqonic.design/booksto-dist/html/widgets/widgets-card.html]
[templates.iqonic.design/booksto-dist/html/form/form-element.html]
[templates.iqonic.design/booksto-dist/html/form/form-validation.html]
[templates.iqonic.design/booksto-dist/html/form/form-switch.html]
[templates.iqonic.design/booksto-dist/html/form/form-checkbox.html]
[templates.iqonic.design/booksto-dist/html/form/form-radio.html]
[templates.iqonic.design/booksto-dist/html/form-wizard/simple-wizard.html]
[templates.iqonic.design/booksto-dist/html/form-wizard/validate-wizard.html]
[templates.iqonic.design/booksto-dist/html/form-wizard/vertical-wizard.html]
[templates.iqonic.design/booksto-dist/html/maps/google.html]
[templates.iqonic.design/booksto-dist/html/maps/vector.html]
[templates.iqonic.design/booksto-dist/html/table/basic-table.html]
[templates.iqonic.design/booksto-dist/html/table/table-data.html]
[templates.iqonic.design/booksto-dist/html/table/edit-table.html]
[templates.iqonic.design/booksto-dist/html/icons/dripicons.html]
[templates.iqonic.design/booksto-dist/html/icons/font-awesome.html]
[templates.iqonic.design/booksto-dist/html/icons/line-awesome.html]
[templates.iqonic.design/booksto-dist/html/icons/remixicon.html]
[templates.iqonic.design/booksto-dist/html/icons/unicons.html]
[templates.iqonic.design/booksto-dist/html/icons/ph-duotone.html]
[templates.iqonic.design/booksto-dist/html/assets/images/page-img/side-bkg.png]
[templates.iqonic.design/booksto-dist/html/assets/images/avatars/01.jpg]
[templates.iqonic.design/booksto-dist/html/assets/images/avatars/02.jpg]
[templates.iqonic.design/booksto-dist/html/assets/images/avatars/03.jpg]
[templates.iqonic.design/booksto-dist/html/assets/images/avatars/04.jpg]
[templates.iqonic.design/booksto-dist/html/assets/images/cart/01.jpg]
[templates.iqonic.design/booksto-dist/html/assets/images/cart/02.jpg]
[templates.iqonic.design/booksto-dist/html/assets/images/cart/03.jpg]
[templates.iqonic.design/booksto-dist/html/assets/images/cart/04.jpg]
[templates.iqonic.design/booksto-dist/html/assets/images/avatars/1.jpg]
[templates.iqonic.design/booksto-dist/html/user/user-account-setting.html]
[templates.iqonic.design/booksto-dist/html/user/user-privacy-setting.html]
[templates.iqonic.design/booksto-dist/html/assets/images/swiper/01.jpg]
[templates.iqonic.design/booksto-dist/html/assets/images/swiper/02.jpg]
[templates.iqonic.design/booksto-dist/html/assets/images/swiper/03.jpg]
[templates.iqonic.design/booksto-dist/html/assets/images/swiper/04.jpg]
[templates.iqonic.design/booksto-dist/html/assets/images/swiper/05.jpg]
[templates.iqonic.design/booksto-dist/html/assets/images/swiper/06.jpg]
[templates.iqonic.design/booksto-dist/html/assets/images/swiper/07.jpg]
[templates.iqonic.design/booksto-dist/html/assets/images/swiper/08.jpg]
[templates.iqonic.design/booksto-dist/html/assets/images/swiper/09.jpg]
[templates.iqonic.design/booksto-dist/html/assets/images/browse-books/01.jpg]
[templates.iqonic.design/booksto-dist/html/assets/images/browse-books/02.jpg]
[templates.iqonic.design/booksto-dist/html/assets/images/browse-books/03.jpg]
[templates.iqonic.design/booksto-dist/html/assets/images/browse-books/04.jpg]
[templates.iqonic.design/booksto-dist/html/assets/images/browse-books/05.jpg]
[templates.iqonic.design/booksto-dist/html/assets/images/browse-books/06.jpg]
[templates.iqonic.design/booksto-dist/html/assets/images/browse-books/07.jpg]
[templates.iqonic.design/booksto-dist/html/assets/images/browse-books/08.jpg]
[templates.iqonic.design/booksto-dist/html/assets/images/browse-books/09.jpg]
[templates.iqonic.design/booksto-dist/html/assets/images/browse-books/10.jpg]
[templates.iqonic.design/booksto-dist/html/assets/images/browse-books/11.jpg]
[templates.iqonic.design/booksto-dist/html/assets/images/browse-books/12.jpg]
[templates.iqonic.design/booksto-dist/html/assets/images/page-img/featured-book.png]
[templates.iqonic.design/booksto-dist/html/assets/images/avatars/05.jpg]
[templates.iqonic.design/booksto-dist/html/assets/images/avatars/06.jpg]
[templates.iqonic.design/booksto-dist/html/assets/images/avatars/07.jpg]
[templates.iqonic.design/booksto-dist/html/assets/images/avatars/08.jpg]
[templates.iqonic.design/booksto-dist/html/assets/images/avatars/09.jpg]
[templates.iqonic.design/booksto-dist/html/assets/images/avatars/10.jpg]
[templates.iqonic.design/booksto-dist/html/assets/images/avatars/11.jpg]
[templates.iqonic.design/booksto-dist/html/assets/images/favorite/01.jpg]
[templates.iqonic.design/booksto-dist/html/assets/images/favorite/02.jpg]
[templates.iqonic.design/booksto-dist/html/assets/images/favorite/03.jpg]
[templates.iqonic.design/booksto-dist/html/assets/images/favorite/04.jpg]
[templates.iqonic.design/booksto-dist/html/extra-pages/privacy-policy.html]
[templates.iqonic.design/booksto-dist/html/extra-pages/terms-of-service.html]
[templates.iqonic.design/booksto-dist/html/assets/js/core/libs.min.js]
[templates.iqonic.design/booksto-dist/html/assets/vendor/flatpickr/dist/flatpickr.min.js]
[templates.iqonic.design/booksto-dist/html/assets/js/plugins/slider-tabs.js]
[templates.iqonic.design/booksto-dist/html/assets/vendor/sweetalert2/dist/sweetalert2.min.js]
[templates.iqonic.design/booksto-dist/html/assets/js/plugins/sweet-alert.js]
[templates.iqonic.design/booksto-dist/html/assets/js/plugins/select2.js]
[templates.iqonic.design/booksto-dist/html/assets/vendor/swiperSlider/swiper.min.js]
[templates.iqonic.design/booksto-dist/html/assets/vendor/lodash/lodash.min.js]
[templates.iqonic.design/booksto-dist/html/assets/js/iqonic-script/utility.min.js]
[templates.iqonic.design/booksto-dist/html/assets/js/iqonic-script/setting.min.js]
[templates.iqonic.design/booksto-dist/html/assets/js/setting-init.js]
[templates.iqonic.design/booksto-dist/html/assets/js/Charts/dashboard.js]
[templates.iqonic.design/booksto-dist/html/assets/js/plugins/flatpickr.js]
[templates.iqonic.design/booksto-dist/html/assets/js/core/external.min.js]
[templates.iqonic.design/booksto-dist/html/assets/js/vertical_slider.js]
[templates.iqonic.design/booksto-dist/html/assets/js/slider5438.js]
[templates.iqonic.design/booksto-dist/html/assets/js/booksto5438.js]
[templates.iqonic.design/booksto-dist/html/assets/js/booksto-advance5438.js]
[templates.iqonic.design/booksto-dist/html/assets/js/sidebar5438.js]
[templates.iqonic.design/booksto-dist/html/assets/js/Setting/enchanter.js]
[cdnjs.cloudflare.com/ajax/libs/raphael/2.3.0/raphael.min.js]
[cdnjs.cloudflare.com/ajax/libs/morris.js/0.5.1/morris.min.js]
[code.highcharts.com/highcharts.a9.delayed]
[code.highcharts.com/highcharts-more.js]
[code.highcharts.com/modules/exporting.js]
[cdn.amcharts.com/lib/4/core.js]
[cdn.amcharts.com/lib/4/charts.js]
[templates.iqonic.design/booksto-dist/html/index.html]
[templates.iqonic.design/booksto-dist/html/assets/css/core/libs.min.css]
[cdn.amcharts.com/lib/4/themes/animated.js]
[templates.iqonic.design/booksto-dist/html/assets/vendor/flaticon/fonts/Flaticon.eot]
[templates.iqonic.design/booksto-dist/html/assets/vendor/flaticon/fonts/Flaticond41d.eot]
[templates.iqonic.design/booksto-dist/html/assets/vendor/flaticon/fonts/Flaticon.woff2]
[templates.iqonic.design/booksto-dist/html/assets/vendor/flaticon/fonts/Flaticon.woff]
[templates.iqonic.design/booksto-dist/html/assets/vendor/flaticon/fonts/Flaticon.ttf]
[templates.iqonic.design/booksto-dist/html/assets/vendor/flaticon/css/flaticon.css]
[templates.iqonic.design/booksto-dist/html/assets/vendor/font-awesome/fonts/fontawesome-webfont3e6e.eot]
[templates.iqonic.design/booksto-dist/html/assets/vendor/font-awesome/fonts/fontawesome-webfontd41d.eot]
[templates.iqonic.design/booksto-dist/html/assets/vendor/font-awesome/fonts/fontawesome-webfont3e6e.woff2]
[templates.iqonic.design/booksto-dist/html/assets/vendor/font-awesome/fonts/fontawesome-webfont3e6e.woff]
[templates.iqonic.design/booksto-dist/html/assets/vendor/font-awesome/fonts/fontawesome-webfont3e6e.ttf]
[templates.iqonic.design/booksto-dist/html/assets/vendor/font-awesome/css/font-awesome.min.css]
[templates.iqonic.design/booksto-dist/html/assets/vendor/swiperSlider/swiper.min.css]
[templates.iqonic.design/booksto-dist/html/assets/vendor/flatpickr/dist/flatpickr.min.css]
[templates.iqonic.design/booksto-dist/html/assets/vendor/sweetalert2/dist/sweetalert2.min.css]
[templates.iqonic.design/booksto-dist/html/assets/images/glass-card.png]
[templates.iqonic.design/booksto-dist/html/assets/css/booksto.min5438.css]
[templates.iqonic.design/booksto-dist/html/assets/css/custom.min5438.css]
[templates.iqonic.design/booksto-dist/html/assets/css/rtl.min5438.css]
[templates.iqonic.design/booksto-dist/html/assets/css/customizer.min5438.css]
[templates.iqonic.design/booksto-dist/html/assets/vendor/remixicon/fonts/remixicon117c.eot]
[templates.iqonic.design/booksto-dist/html/assets/vendor/remixicon/fonts/remixicon117c.woff2]
[templates.iqonic.design/booksto-dist/html/assets/vendor/remixicon/fonts/remixicon117c.woff]
[templates.iqonic.design/booksto-dist/html/assets/vendor/remixicon/fonts/remixicon117c.ttf]
[templates.iqonic.design/booksto-dist/html/assets/vendor/remixicon/fonts/remixicon.css]
[templates.iqonic.design/booksto-dist/html/assets/vendor/dripicons/webfont/fonts/dripicons-v2.eot]
[templates.iqonic.design/booksto-dist/html/assets/vendor/dripicons/webfont/fonts/dripicons-v2d41d.eot]
[templates.iqonic.design/booksto-dist/html/assets/vendor/dripicons/webfont/fonts/dripicons-v2.woff]
[templates.iqonic.design/booksto-dist/html/assets/vendor/dripicons/webfont/fonts/dripicons-v2.ttf]
[templates.iqonic.design/booksto-dist/html/assets/vendor/dripicons/webfont/webfont.css]
[templates.iqonic.design/booksto-dist/html/assets/vendor/ionicons/fonts/ionicons28b5.eot]
[templates.iqonic.design/booksto-dist/html/assets/vendor/ionicons/fonts/ionicons28b5.ttf]
[templates.iqonic.design/booksto-dist/html/assets/vendor/ionicons/fonts/ionicons28b5.woff]
[templates.iqonic.design/booksto-dist/html/assets/vendor/ionicons/css/ionicons.min.css]
[templates.iqonic.design/booksto-dist/html/assets/vendor/line-awesome/fonts/la-brands-400.eot]
[templates.iqonic.design/booksto-dist/html/assets/vendor/line-awesome/fonts/la-brands-400d41d.eot]
[templates.iqonic.design/booksto-dist/html/assets/vendor/line-awesome/fonts/la-brands-400.woff2]
[templates.iqonic.design/booksto-dist/html/assets/vendor/line-awesome/fonts/la-brands-400.woff]
[templates.iqonic.design/booksto-dist/html/assets/vendor/line-awesome/fonts/la-brands-400.ttf]
[templates.iqonic.design/booksto-dist/html/assets/vendor/line-awesome/fonts/la-regular-400.eot]
[templates.iqonic.design/booksto-dist/html/assets/vendor/line-awesome/fonts/la-regular-400d41d.eot]
[templates.iqonic.design/booksto-dist/html/assets/vendor/line-awesome/fonts/la-regular-400.woff2]
[templates.iqonic.design/booksto-dist/html/assets/vendor/line-awesome/fonts/la-regular-400.woff]
[templates.iqonic.design/booksto-dist/html/assets/vendor/line-awesome/fonts/la-regular-400.ttf]
[templates.iqonic.design/booksto-dist/html/assets/vendor/line-awesome/fonts/la-solid-900.eot]
[templates.iqonic.design/booksto-dist/html/assets/vendor/line-awesome/fonts/la-solid-900d41d.eot]
[templates.iqonic.design/booksto-dist/html/assets/vendor/line-awesome/fonts/la-solid-900.woff2]
[templates.iqonic.design/booksto-dist/html/assets/vendor/line-awesome/fonts/la-solid-900.woff]
[templates.iqonic.design/booksto-dist/html/assets/vendor/line-awesome/fonts/la-solid-900.ttf]
[templates.iqonic.design/booksto-dist/html/assets/vendor/line-awesome/css/line-awesome.min.css]
[templates.iqonic.design/booksto-dist/html/assets/vendor/phosphor-icons/Fonts/regular/Phosphor.woff2]
[templates.iqonic.design/booksto-dist/html/assets/vendor/phosphor-icons/Fonts/regular/Phosphor.woff]
[templates.iqonic.design/booksto-dist/html/assets/vendor/phosphor-icons/Fonts/regular/Phosphor.ttf]
[templates.iqonic.design/booksto-dist/html/assets/vendor/phosphor-icons/Fonts/regular/style.css]
[templates.iqonic.design/booksto-dist/html/assets/vendor/phosphor-icons/Fonts/duotone/Phosphor-Duotone.woff2]
[templates.iqonic.design/booksto-dist/html/assets/vendor/phosphor-icons/Fonts/duotone/Phosphor-Duotone.woff]
[templates.iqonic.design/booksto-dist/html/assets/vendor/phosphor-icons/Fonts/duotone/Phosphor-Duotone.ttf]
[templates.iqonic.design/booksto-dist/html/assets/vendor/phosphor-icons/Fonts/duotone/style.css]
[templates.iqonic.design/booksto-dist/html/assets/vendor/phosphor-icons/Fonts/fill/Phosphor-Fill.woff2]
[templates.iqonic.design/booksto-dist/html/assets/vendor/phosphor-icons/Fonts/fill/Phosphor-Fill.woff]
[templates.iqonic.design/booksto-dist/html/assets/vendor/phosphor-icons/Fonts/fill/Phosphor-Fill.ttf]
[templates.iqonic.design/booksto-dist/html/assets/vendor/phosphor-icons/Fonts/fill/style.css]
[templates.iqonic.design/booksto-dist/html/index-2.html]
[templates.iqonic.design/booksto-dist/html/plugins/tree-view.html]
[templates.iqonic.design/booksto-dist/html/plugins/choise-js.html]
[templates.iqonic.design/booksto-dist/html/plugins/flatpickr.html]
[templates.iqonic.design/booksto-dist/html/plugins/fslightbox.html]
[templates.iqonic.design/booksto-dist/html/plugins/gallery-hover.html]
[templates.iqonic.design/booksto-dist/html/plugins/image-croper.html]
[templates.iqonic.design/booksto-dist/html/plugins/rating.html]
[templates.iqonic.design/booksto-dist/html/plugins/select2.html]
[templates.iqonic.design/booksto-dist/html/plugins/sweet-alert.html]
[templates.iqonic.design/booksto-dist/html/plugins/quill-editor.html]
[templates.iqonic.design/booksto-dist/html/plugins/uppy.html]
[templates.iqonic.design/booksto-dist/html/assets/images/favorite/05.jpg]
[templates.iqonic.design/booksto-dist/html/shop/category-page.html]
[templates.iqonic.design/booksto-dist/html/assets/images/book-dec/01.jpg]
[templates.iqonic.design/booksto-dist/html/assets/images/book-dec/02.jpg]
[templates.iqonic.design/booksto-dist/html/assets/images/book-dec/03.jpg]
[templates.iqonic.design/booksto-dist/html/assets/images/book-dec/04.jpg]
[templates.iqonic.design/booksto-dist/html/assets/images/book-dec/05.jpg]
[templates.iqonic.design/booksto-dist/html/assets/images/book-dec/06.jpg]
[templates.iqonic.design/booksto-dist/html/shop/book-page.html]
[templates.iqonic.design/booksto-dist/html/shop/book-pdf.html]
[templates.iqonic.design/booksto-dist/html/assets/images/checkout/01.jpg]
[templates.iqonic.design/booksto-dist/html/assets/images/checkout/02.jpg]
[templates.iqonic.design/booksto-dist/html/assets/images/checkout/03.jpg]
[templates.iqonic.design/booksto-dist/html/shop/checkout.html]
[templates.iqonic.design/booksto-dist/html/shop/wishlist.html]
[templates.iqonic.design/booksto-dist/html/admin/dashboard.html]
[templates.iqonic.design/booksto-dist/html/admin/category-list.html]
[templates.iqonic.design/booksto-dist/html/admin/admin-add-category.html]
[templates.iqonic.design/booksto-dist/html/admin/author.html]
[templates.iqonic.design/booksto-dist/html/admin/admin-add-author.html]
[templates.iqonic.design/booksto-dist/html/admin/books.html]
[templates.iqonic.design/booksto-dist/html/spacial-pages/kanban.html]
[templates.iqonic.design/booksto-dist/html/admin/admin-add-book.html]
[templates.iqonic.design/booksto-dist/html/assets/vendor/fullcalendar/core/main.css]
[templates.iqonic.design/booksto-dist/html/assets/vendor/fullcalendar/daygrid/main.css]
[templates.iqonic.design/booksto-dist/html/assets/vendor/fullcalendar/timegrid/main.css]
[templates.iqonic.design/booksto-dist/html/assets/vendor/fullcalendar/list/main.css]
[templates.iqonic.design/booksto-dist/html/assets/vendor/fullcalendar/daygrid/main.js]
[templates.iqonic.design/booksto-dist/html/assets/vendor/fullcalendar/core/main.js]
[templates.iqonic.design/booksto-dist/html/assets/vendor/fullcalendar/timegrid/main.js]
[templates.iqonic.design/booksto-dist/html/assets/vendor/fullcalendar/list/main.js]
[templates.iqonic.design/booksto-dist/html/assets/vendor/fullcalendar/interaction/main.js]
[templates.iqonic.design/booksto-dist/html/assets/vendor/moment.min.js]
[templates.iqonic.design/booksto-dist/html/assets/js/plugins/calender.js]
[templates.iqonic.design/booksto-dist/html/assets/js/custom.js]
[templates.iqonic.design/booksto-dist/html/spacial-pages/calender.html]
[templates.iqonic.design/booksto-dist/html/assets/images/page-img/25.jpg]
[templates.iqonic.design/booksto-dist/html/assets/images/page-img/26.jpg]
[templates.iqonic.design/booksto-dist/html/assets/images/page-img/27.jpg]
[templates.iqonic.design/booksto-dist/html/assets/images/page-img/28.jpg]
[templates.iqonic.design/booksto-dist/html/spacial-pages/pricing.html]
[templates.iqonic.design/booksto-dist/html/spacial-pages/invoice.html]
[templates.iqonic.design/booksto-dist/html/spacial-pages/timeline.html]
[templates.iqonic.design/booksto-dist/html/auth/sign-in.html]
[templates.iqonic.design/booksto-dist/html/auth/sign-up.html]
[templates.iqonic.design/booksto-dist/html/auth/recoverpw.html]
[templates.iqonic.design/booksto-dist/html/auth/confirm-mail.html]
[templates.iqonic.design/booksto-dist/html/auth/lock-screen.html]
[templates.iqonic.design/booksto-dist/html/auth/two-factor.html]
[templates.iqonic.design/booksto-dist/html/auth/account-deactivate.html]
[templates.iqonic.design/booksto-dist/html/user/user-profile.html]
[templates.iqonic.design/booksto-dist/html/assets/js/plugins/fslightbox.js]
[templates.iqonic.design/booksto-dist/html/assets/js/plugins/form-wizard.js]
[templates.iqonic.design/booksto-dist/html/user/user-edit.html]
[templates.iqonic.design/booksto-dist/html/user/user-add.html]
[templates.iqonic.design/booksto-dist/html/user/user-list.html]
[templates.iqonic.design/booksto-dist/html/assets/images/error/404.png]
[templates.iqonic.design/booksto-dist/html/extra-pages/errors/error404.html]
[templates.iqonic.design/booksto-dist/html/assets/images/error/500.png]
[templates.iqonic.design/booksto-dist/html/extra-pages/errors/error500.html]
[templates.iqonic.design/booksto-dist/html/assets/images/error/02.png]
[templates.iqonic.design/booksto-dist/html/extra-pages/errors/maintenance.html]
[templates.iqonic.design/booksto-dist/html/assets/js/plugins/countdown.js]
[templates.iqonic.design/booksto-dist/html/extra-pages/coming-soon.html]
[templates.iqonic.design/booksto-dist/html/extra-pages/faq.html]
[templates.iqonic.design/booksto-dist/html/assets/js/Charts/morris-charts.js]
[templates.iqonic.design/booksto-dist/html/charts/morris-chart.html]
[templates.iqonic.design/booksto-dist/html/charts/high-chart.html]
[templates.iqonic.design/booksto-dist/html/assets/js/Charts/high-charts.js]
[templates.iqonic.design/booksto-dist/html/charts/am-chart.html]
[templates.iqonic.design/booksto-dist/html/assets/js/Charts/am-charts.js]
[templates.iqonic.design/booksto-dist/html/charts/apex-chart.html]
[templates.iqonic.design/booksto-dist/html/extra-pages/blank-page.html]
[templates.iqonic.design/booksto-dist/html/assets/js/Charts/apex-charts.js]
[templates.iqonic.design/booksto-dist/html/ui-elements/ui-color.html]
[templates.iqonic.design/booksto-dist/html/ui-elements/typography.html]
[templates.iqonic.design/booksto-dist/html/ui-elements/alerts.html]
[templates.iqonic.design/booksto-dist/html/ui-elements/badges.html]
[templates.iqonic.design/booksto-dist/html/ui-elements/breadcrumb.html]
[templates.iqonic.design/booksto-dist/html/ui-elements/buttons.html]
[templates.iqonic.design/booksto-dist/html/assets/images/page-img/07.jpg]
[templates.iqonic.design/booksto-dist/html/assets/images/page-img/08.jpg]
[templates.iqonic.design/booksto-dist/html/assets/images/page-img/09.jpg]
[templates.iqonic.design/booksto-dist/html/ui-elements/cards.html]
[templates.iqonic.design/booksto-dist/html/assets/vendor/masonry/masonry.pkgd.min.js]
[templates.iqonic.design/booksto-dist/html/assets/images/small/img-1.jpg]
[templates.iqonic.design/booksto-dist/html/ui-elements/carousel.html]
[templates.iqonic.design/booksto-dist/html/ui-elements/video.html]
[templates.iqonic.design/booksto-dist/html/ui-elements/grid.html]
[templates.iqonic.design/booksto-dist/html/assets/images/page-img/15.jpg]
[templates.iqonic.design/booksto-dist/html/assets/images/page-img/16.jpg]
[templates.iqonic.design/booksto-dist/html/assets/images/page-img/17.jpg]
[templates.iqonic.design/booksto-dist/html/assets/images/page-img/18.jpg]
[templates.iqonic.design/booksto-dist/html/assets/images/page-img/19.jpg]
[templates.iqonic.design/booksto-dist/html/assets/images/page-img/20.jpg]
[templates.iqonic.design/booksto-dist/html/assets/images/page-img/10.jpg]
[templates.iqonic.design/booksto-dist/html/assets/images/page-img/11.jpg]
[templates.iqonic.design/booksto-dist/html/assets/images/page-img/12.jpg]
[templates.iqonic.design/booksto-dist/html/assets/images/page-img/13.jpg]
[templates.iqonic.design/booksto-dist/html/assets/images/page-img/14.jpg]
[templates.iqonic.design/booksto-dist/html/assets/images/page-img/21.jpg]
[templates.iqonic.design/booksto-dist/html/assets/images/page-img/22.jpg]
[templates.iqonic.design/booksto-dist/html/assets/images/page-img/23.jpg]
[templates.iqonic.design/booksto-dist/html/assets/images/page-img/24.jpg]
[templates.iqonic.design/booksto-dist/html/ui-elements/images.html]
[templates.iqonic.design/booksto-dist/html/ui-elements/list-group.html]
[templates.iqonic.design/booksto-dist/html/ui-elements/media.html]
[templates.iqonic.design/booksto-dist/html/ui-elements/modal.html]
[templates.iqonic.design/booksto-dist/html/ui-elements/notifications.html]
[templates.iqonic.design/booksto-dist/html/ui-elements/pagination.html]
[templates.iqonic.design/booksto-dist/html/ui-elements/popovers.html]
[templates.iqonic.design/booksto-dist/html/ui-elements/progressbars.html]
[templates.iqonic.design/booksto-dist/html/ui-elements/tabs.html]
[templates.iqonic.design/booksto-dist/html/ui-elements/tooltips.html]
[templates.iqonic.design/booksto-dist/html/assets/images/avatars/01.png]
[templates.iqonic.design/booksto-dist/html/widgets/widgets-basic.html]
[templates.iqonic.design/booksto-dist/html/widgets/widgets-chart.html]
[templates.iqonic.design/booksto-dist/html/assets/js/Charts/widgetcharts.js]
[templates.iqonic.design/booksto-dist/html/assets/images/avatars/avtar_1.png]
[templates.iqonic.design/booksto-dist/html/assets/images/avatars/avtar_2.png]
[templates.iqonic.design/booksto-dist/html/assets/images/avatars/avtar_4.png]
[templates.iqonic.design/booksto-dist/html/assets/images/avatars/avtar_5.png]
[templates.iqonic.design/booksto-dist/html/assets/images/avatars/avtar_3.png]
[templates.iqonic.design/booksto-dist/html/assets/images/avatars/02.png]
[templates.iqonic.design/booksto-dist/html/assets/images/avatars/03.png]
[templates.iqonic.design/booksto-dist/html/assets/images/avatars/04.png]
[templates.iqonic.design/booksto-dist/html/assets/images/avatars/05.png]
[templates.iqonic.design/booksto-dist/html/assets/images/icons/04.png]
[templates.iqonic.design/booksto-dist/html/assets/images/shapes/02.png]
[templates.iqonic.design/booksto-dist/html/assets/images/icons/08.png]
[templates.iqonic.design/booksto-dist/html/assets/images/shapes/04.png]
[templates.iqonic.design/booksto-dist/html/assets/images/icons/02.png]
[templates.iqonic.design/booksto-dist/html/assets/images/shapes/06.png]
[templates.iqonic.design/booksto-dist/html/assets/images/icons/05.png]
[templates.iqonic.design/booksto-dist/html/assets/images/icons/01.png]
[templates.iqonic.design/booksto-dist/html/assets/images/icons/03.png]
[templates.iqonic.design/booksto-dist/html/assets/images/icons/06.png]
[templates.iqonic.design/booksto-dist/html/assets/images/icons/07.png]
[templates.iqonic.design/booksto-dist/html/assets/images/brands/08.png]
[templates.iqonic.design/booksto-dist/html/assets/images/brands/09.png]
[templates.iqonic.design/booksto-dist/html/assets/images/brands/10.png]
[templates.iqonic.design/booksto-dist/html/assets/images/brands/11.png]
[templates.iqonic.design/booksto-dist/html/assets/images/brands/13.png]
[templates.iqonic.design/booksto-dist/html/assets/images/brands/12.png]
[templates.iqonic.design/booksto-dist/html/assets/js/plugins/circle-progress.js]
[templates.iqonic.design/booksto-dist/html/assets/js/plugins/custom-circle-progress.js]
[templates.iqonic.design/booksto-dist/html/widgets/widgets-card.html]
[templates.iqonic.design/booksto-dist/html/form/form-element.html]
[templates.iqonic.design/booksto-dist/html/form/form-validation.html]
[templates.iqonic.design/booksto-dist/html/form/form-switch.html]
[templates.iqonic.design/booksto-dist/html/form/form-checkbox.html]
[templates.iqonic.design/booksto-dist/html/form/form-radio.html]
[templates.iqonic.design/booksto-dist/html/assets/images/pages/img-success.png]
[templates.iqonic.design/booksto-dist/html/form-wizard/simple-wizard.html]
[templates.iqonic.design/booksto-dist/html/assets/images/page-img/img-success.png]
[templates.iqonic.design/booksto-dist/html/form-wizard/validate-wizard.html]
[templates.iqonic.design/booksto-dist/html/form-wizard/vertical-wizard.html]
[templates.iqonic.design/booksto-dist/html/maps/google.html]
[templates.iqonic.design/booksto-dist/html/assets/vendor/leaflet/leaflet.css]
[templates.iqonic.design/booksto-dist/html/assets/vendor/leaflet/leaflet.js]
[templates.iqonic.design/booksto-dist/html/maps/vector.html]
[templates.iqonic.design/booksto-dist/html/table/basic-table.html]
[templates.iqonic.design/booksto-dist/html/table/table-data.html]
[templates.iqonic.design/booksto-dist/html/assets/js/Charts/vectore-chart.js]
[templates.iqonic.design/booksto-dist/html/assets/js/Table/edit-table.js]
[templates.iqonic.design/booksto-dist/html/table/edit-table.html]
[templates.iqonic.design/booksto-dist/html/icons/dripicons.html]
[templates.iqonic.design/booksto-dist/html/icons/font-awesome.html]
[templates.iqonic.design/booksto-dist/html/icons/line-awesome.html]
[templates.iqonic.design/booksto-dist/html/icons/remixicon.html]
[templates.iqonic.design/booksto-dist/html/icons/unicons.html]
[templates.iqonic.design/booksto-dist/html/icons/ph-duotone.html]
[templates.iqonic.design/booksto-dist/html/user/user-account-setting.html]
[templates.iqonic.design/booksto-dist/html/user/user-privacy-setting.html]
[templates.iqonic.design/booksto-dist/html/extra-pages/privacy-policy.html]
[templates.iqonic.design/booksto-dist/html/extra-pages/terms-of-service.html]
[code.highcharts.com/highcharts.html]
[code.highcharts.com/highcharts-more.html]
[code.highcharts.com/modules/exporting.html]
[cdn.amcharts.com/lib/4/core.js]
[cdn.amcharts.com/lib/4/charts.js]
[cdn.amcharts.com/lib/4/themes/animated.js]
[templates.iqonic.design/booksto-dist/html/assets/vendor/flaticon/fonts/Flaticon.svg]
[templates.iqonic.design/booksto-dist/html/assets/vendor/font-awesome/fonts/fontawesome-webfont3e6e.svg]
[templates.iqonic.design/booksto-dist/html/assets/vendor/remixicon/fonts/remixicon117c.svg]
[templates.iqonic.design/booksto-dist/html/assets/vendor/dripicons/webfont/fonts/dripicons-v2.svg]
[templates.iqonic.design/booksto-dist/html/assets/vendor/ionicons/fonts/ionicons28b5.svg]
[templates.iqonic.design/booksto-dist/html/assets/vendor/line-awesome/fonts/la-brands-400.svg]
[templates.iqonic.design/booksto-dist/html/assets/vendor/line-awesome/fonts/la-regular-400.svg]
[templates.iqonic.design/booksto-dist/html/assets/vendor/line-awesome/fonts/la-solid-900.svg]
[templates.iqonic.design/booksto-dist/html/assets/vendor/phosphor-icons/Fonts/regular/Phosphor.svg]
[templates.iqonic.design/booksto-dist/html/assets/vendor/phosphor-icons/Fonts/duotone/Phosphor-Duotone.svg]
[templates.iqonic.design/booksto-dist/html/assets/vendor/phosphor-icons/Fonts/fill/Phosphor-Fill.svg]
[templates.iqonic.design/booksto-dist/html/assets/vendor/jstree/style.css]
[templates.iqonic.design/booksto-dist/html/assets/vendor/jstree/jstree.js]
[templates.iqonic.design/booksto-dist/html/assets/js/plugins/jstree.js]
[templates.iqonic.design/booksto-dist/html/plugins/tree-view.html]
[templates.iqonic.design/booksto-dist/html/assets/vendor/choiceJS/style/choices.min.css]
[templates.iqonic.design/booksto-dist/html/assets/vendor/choiceJS/script/choices.min.js]
[templates.iqonic.design/booksto-dist/html/assets/js/plugins/choice.js]
[templates.iqonic.design/booksto-dist/html/plugins/choise-js.html]
[templates.iqonic.design/booksto-dist/html/plugins/flatpickr.html]
[templates.iqonic.design/booksto-dist/html/assets/images/pro/plugins/img6.jpg]
[templates.iqonic.design/booksto-dist/html/assets/images/pro/plugins/img1.jpg]
[templates.iqonic.design/booksto-dist/html/assets/images/pro/plugins/img2.jpg]
[templates.iqonic.design/booksto-dist/html/assets/images/pro/plugins/img3.jpg]
[templates.iqonic.design/booksto-dist/html/assets/images/pro/plugins/img4.jpg]
[templates.iqonic.design/booksto-dist/html/assets/images/pro/plugins/img5.jpg]
[templates.iqonic.design/booksto-dist/html/assets/images/pro/plugins/img7.jpg]
[templates.iqonic.design/booksto-dist/html/assets/images/pro/plugins/video-1.mp4]
[templates.iqonic.design/booksto-dist/html/assets/images/pro/plugins/img8.jpg]
[templates.iqonic.design/booksto-dist/html/assets/images/pro/plugins/video-2.mp4]
[templates.iqonic.design/booksto-dist/html/assets/images/pro/plugins/img9.jpg]
[templates.iqonic.design/booksto-dist/html/assets/images/pro/plugins/video-3.mp4]
[templates.iqonic.design/booksto-dist/html/assets/images/pro/plugins/img10.jpg]
[templates.iqonic.design/booksto-dist/html/assets/images/pro/plugins/img11.jpg]
[templates.iqonic.design/booksto-dist/html/assets/images/pro/plugins/img12.jpg]
[templates.iqonic.design/booksto-dist/html/plugins/fslightbox.html]
[templates.iqonic.design/booksto-dist/html/assets/images/hover-effects/01.jpg]
[templates.iqonic.design/booksto-dist/html/assets/images/hover-effects/02.jpg]
[templates.iqonic.design/booksto-dist/html/assets/images/hover-effects/03.jpg]
[templates.iqonic.design/booksto-dist/html/assets/images/hover-effects/04.jpg]
[templates.iqonic.design/booksto-dist/html/assets/images/hover-effects/05.jpg]
[templates.iqonic.design/booksto-dist/html/assets/images/hover-effects/06.jpg]
[templates.iqonic.design/booksto-dist/html/assets/images/hover-effects/07.jpg]
[templates.iqonic.design/booksto-dist/html/assets/images/hover-effects/08.jpg]
[templates.iqonic.design/booksto-dist/html/assets/images/hover-effects/09.jpg]
[templates.iqonic.design/booksto-dist/html/assets/images/hover-effects/10.jpg]
[templates.iqonic.design/booksto-dist/html/assets/images/hover-effects/11.jpg]
[templates.iqonic.design/booksto-dist/html/assets/images/hover-effects/12.jpg]
[templates.iqonic.design/booksto-dist/html/plugins/gallery-hover.html]
[templates.iqonic.design/booksto-dist/html/assets/vendor/cropper/dist/cropper.min.css]
[templates.iqonic.design/booksto-dist/html/assets/images/pro/plugins/01.jpg]
[templates.iqonic.design/booksto-dist/html/assets/js/plugins/image-croper.js]
[templates.iqonic.design/booksto-dist/html/plugins/image-croper.html]
[templates.iqonic.design/booksto-dist/html/assets/vendor/cropper/dist/cropper.min.js]
[templates.iqonic.design/booksto-dist/html/assets/js/plugins/rating.js]
[templates.iqonic.design/booksto-dist/html/plugins/rating.html]
[templates.iqonic.design/booksto-dist/html/plugins/select2.html]
[templates.iqonic.design/booksto-dist/html/plugins/sweet-alert.html]
[templates.iqonic.design/booksto-dist/html/assets/vendor/jquery-bar-rating/dist/jquery-barrating.min.js]
[templates.iqonic.design/booksto-dist/html/assets/vendor/quill/quill.snow.css]
[templates.iqonic.design/booksto-dist/html/assets/vendor/quill/quill.min.js]
[templates.iqonic.design/booksto-dist/html/assets/js/plugins/quill.js]
[templates.iqonic.design/booksto-dist/html/plugins/quill-editor.html]
[templates.iqonic.design/booksto-dist/html/assets/vendor/uppy/uppy.min.css]
[templates.iqonic.design/booksto-dist/html/assets/js/plugins/uppy.js]
[templates.iqonic.design/booksto-dist/html/plugins/uppy.html]
[templates.iqonic.design/booksto-dist/html/admin/admin-add-category.html]
[templates.iqonic.design/booksto-dist/html/admin/admin-add-author.html]
[templates.iqonic.design/booksto-dist/html/admin/admin-add-book.html]
[templates.iqonic.design/booksto-dist/html/assets/vendor/fullcalendar/core/main.css]
[templates.iqonic.design/booksto-dist/html/assets/vendor/fullcalendar/daygrid/main.css]
[templates.iqonic.design/booksto-dist/html/assets/vendor/fullcalendar/timegrid/main.css]
[templates.iqonic.design/booksto-dist/html/assets/vendor/fullcalendar/list/main.css]
[templates.iqonic.design/booksto-dist/html/assets/vendor/uppy/uppy.min.js]
[templates.iqonic.design/booksto-dist/html/assets/vendor/leaflet/images/layers.png]
[templates.iqonic.design/booksto-dist/html/assets/vendor/leaflet/images/layers-2x.png]
[templates.iqonic.design/booksto-dist/html/assets/vendor/leaflet/images/marker-icon.png]
[templates.iqonic.design/booksto-dist/html/assets/vendor/leaflet/leaflet.css]
[templates.iqonic.design/booksto-dist/html/Nv8/index.html]
[templates.iqonic.design/booksto-dist/html/15c/index.html]
[templates.iqonic.design/booksto-dist/html/YRD/index.html]
[templates.iqonic.design/booksto-dist/html/DA7/index.html]
[templates.iqonic.design/booksto-dist/html/o3G/index.html]
[templates.iqonic.design/booksto-dist/html/ND2/index.html]
[templates.iqonic.design/booksto-dist/html/GET.html]
[templates.iqonic.design/booksto-dist/html/0KD/index.html]
[templates.iqonic.design/booksto-dist/html/8Cf/index.html]
[templates.iqonic.design/booksto-dist/html/3XS/index.html]
[templates.iqonic.design/booksto-dist/html/LV/index.html]
[templates.iqonic.design/booksto-dist/html/kZk/index.html]
[templates.iqonic.design/booksto-dist/html/+Z4/index.html]
[templates.iqonic.design/booksto-dist/html/Y/c/index.html]
[templates.iqonic.design/booksto-dist/html/assets/vendor/jstree/32px.png]
[templates.iqonic.design/booksto-dist/html/assets/vendor/jstree/throbber.gif]
[templates.iqonic.design/booksto-dist/html/assets/vendor/jstree/style.css]
[templates.iqonic.design/booksto-dist/html/assets/vendor/choiceJS/style/choices.min.css]
[templates.iqonic.design/booksto-dist/html/assets/vendor/cropper/dist/cropper.min.css]
[templates.iqonic.design/booksto-dist/html/plugins/cropped.html]
[templates.iqonic.design/booksto-dist/html/assets/vendor/quill/quill.snow.css]
[templates.iqonic.design/booksto-dist/html/assets/vendor/uppy/uppy.min.css]
[templates.iqonic.design/booksto-dist/html/assets/vendor/jstree/40px.html]
